1775899658
1775899668
1775899678
1775899688
1775899698
1775899708
1775899718
1775899728
1775899738
1775899748
1775899758
1775899768
1775899778
1775899788
1775899798
1775899808
1775899818
1775899828
1775899838
1775899848
1775899858
1775899868
1775899878
1775899888
1775899898
1775899908
1775899918
1775899928
1775899938
1775899948
1775899958
1775899968
1775899978
1775899988
1775899998
1775900008
1775900018
1775900028
1775900038
1775900048
1775900058
1775900068
1775900078
1775900088
1775900098
1775900108
1775900118
1775900128
1775900138
1775900148
1775900158
1775900168
1775900178
1775900188
1775900198
1775900208
1775900218
1775900228
1775900238
1775900248
1775900258
1775900268
1775900278
1775900288
1775900298
1775900308
1775900318
1775900328
1775900338
1775900348
1775900358
1775900368
1775900378
1775900388
1775900398
1775900408
1775900418
1775900428
1775900438
1775900448
1775900458
1775900468
1775900478
1775900488
1775900498
1775900508
1775900518
1775900528
1775900538
1775900548
1775900558
1775900568
1775900578
1775900588
1775900598
1775900608
1775900618
1775900628
1775900638
1775900648
1775900658
1775900668
1775900678
1775900688
1775900698
1775900708
1775900718
1775900728
1775900738
1775900748
1775900758
1775900768
1775900778
1775900788
1775900798
1775900808
1775900818
1775900828
1775900838
1775900848
1775900858
1775900868
1775900878
1775900888
1775900898
1775900908
1775900918
1775900928
1775900938
1775900948
1775900958
1775900968
1775900978
1775900988
1775900998
1775901008
1775901018
1775901028
1775901038
1775901048
1775901058
1775901068
1775901078
1775901088
1775901098
1775901108
1775901118
1775901128
1775901138
1775901148
1775901158
1775901168
1775901178
1775901188
1775901198
1775901208
1775901218
1775901228
1775901238
1775901248
1775901258
1775901268
1775901278
1775901288
1775901298
1775901308
1775901318
1775901328
1775901338
1775901348
1775901358
1775901368
1775901378
1775901388
1775901398
1775901408
1775901418
1775901428
1775901438
1775901448
1775901458
1775901468
1775901478
1775901488
1775901498
1775901508
1775901518
1775901528
1775901538
1775901548
1775901558
1775901568
1775901578
1775901588
1775901598
1775901608
1775901618
1775901628
1775901638
1775901648
1775901658
1775901668
1775901678
1775901688
1775901698
1775901708
1775901718
1775901728
1775901738
1775901748
1775901758
1775901768
1775901778
1775901788
1775901798
1775901808
1775901818
1775901828
1775901838
1775901848
1775901858
1775901868
1775901878
1775901888
1775901898
1775901908
1775901918
1775901928
1775901938
1775901948
1775901958
1775901968
1775901978
1775901988
1775901998
1775902008
1775902018
1775902028
1775902038
1775902048
1775902058
1775902068
1775902078
1775902088
1775902098
1775902108
1775902118
1775902128
1775902138
1775902148
1775902158
1775902168
1775902178
1775902188
1775902198
1775902208
1775902219
1775902229
1775902239
1775902249
1775902259
1775902269
1775902279
1775902289
1775902299
1775902309
1775902319
1775902329
1775902339
1775902349
1775902359
1775902369
1775902379
1775902389
1775902399
1775902409
1775902419
1775902429
1775902439
1775902449
1775902459
1775902469
1775902479
1775902489
1775902499
1775902509
1775902519
1775902529
1775902539
1775902549
1775902559
1775902569
1775902579
1775902589
1775902599
1775902609
1775902619
1775902629
1775902639
1775902649
1775902659
1775902669
1775902679
1775902689
1775902699
1775902709
1775902719
1775902729
1775902739
1775902749
1775902759
1775902769
1775902779
1775902789
1775902799
1775902809
1775902819
1775902829
1775902839
1775902849
1775902859
1775902869
1775902879
1775902889
1775902899
1775902909
1775902919
1775902929
1775902939
1775902949
1775902959
1775902969
1775902979
1775902989
1775902999
1775903009
1775903019
1775903029
1775903039
1775903049
1775903059
1775903069
1775903079
1775903089
1775903099
1775903109
1775903119
1775903129
1775903139
1775903149
1775903159
1775903169
1775903179
1775903189
1775903199
1775903209
1775903219
1775903229
1775903239
1775903249
1775903259
1775903269
1775903279
1775903289
1775903299
1775903309
1775903319
1775903329
1775903339
1775903349
1775903359
1775903369
1775903379
1775903389
1775903399
1775903409
1775903419
1775903429
1775903439
1775903449
1775903459
1775903469
1775903479
1775903489
1775903499
1775903509
1775903519
1775903529
1775903539
1775903549
1775903559
1775903569
1775903579
1775903589
1775903599
1775903609
1775903619
1775903629
1775903639
1775903649
1775903659
1775903669
1775903679
1775903689
1775903699
1775903709
1775903719
1775903729
1775903739
1775903749
1775903759
1775903769
1775903779
1775903789
1775903799
1775903809
1775903819
1775903829
1775903839
1775903849
1775903859
1775903869
1775903879
1775903889
1775903899
1775903909
1775903919
1775903929
1775903939
1775903949
1775903959
1775903969
1775903979
1775903989
1775903999
1775904009
1775904019
1775904029
1775904039
1775904049
1775904059
1775904069
1775904079
1775904089
1775904099
1775904109
1775904119
1775904129
1775904139
1775904149
1775904159
1775904169
1775904179
1775904189
1775904199
1775904209
1775904219
1775904229
1775904239
1775904249
1775904259
1775904269
1775904279
1775904289
1775904299
1775904309
1775904319
1775904329
1775904339
1775904349
1775904359
1775904369
1775904379
1775904389
1775904399
1775904409
1775904419
1775904429
1775904439
1775904449
1775904459
1775904469
1775904479
1775904489
1775904499
1775904509
1775904519
1775904529
1775904539
1775904549
1775904559
1775904569
1775904579
1775904589
1775904599
1775904609
1775904619
1775904629
1775904639
1775904649
1775904659
1775904669
1775904679
1775904689
1775904699
1775904709
1775904719
1775904729
1775904739
1775904749
1775904759
1775904769
1775904779
1775904789
1775904799
1775904809
1775904819
1775904829
1775904839
1775904849
1775904859
1775904869
1775904879
1775904889
1775904899
1775904909
1775904919
1775904929
1775904939
1775904949
1775904959
1775904969
1775904979
1775904989
1775904999
1775905009
1775905019
1775905029
1775905039
1775905049
1775905059
1775905069
1775905079
1775905089
1775905099
1775905109
1775905119
1775905129
1775905139
1775905149
1775905159
1775905169
1775905179
1775905189
1775905199
1775905209
1775905219
1775905229
1775905239
1775905249
1775905259
1775905269
1775905279
1775905289
1775905300
1775905310
1775905320
1775905330
1775905340
1775905350
1775905360
1775905370
1775905380
1775905390
1775905400
1775905410
1775905420
1775905430
1775905440
1775905450
1775905460
1775905470
1775905480
1775905490
1775905500
1775905510
1775905520
1775905530
1775905540
1775905550
1775905560
1775905570
1775905580
1775905590
1775905600
1775905610
1775905620
1775905630
1775905640
1775905650
1775905660
1775905670
1775905680
1775905690
1775905700
1775905710
1775905720
1775905730
1775905740
1775905750
1775905760
1775905770
1775905780
1775905790
1775905800
1775905810
1775905820
1775905830
1775905840
1775905850
1775905860
1775905870
1775905880
1775905890
1775905900
1775905910
1775905920
1775905930
1775905940
1775905950
1775905960
1775905970
1775905980
1775905990
1775906000
1775906010
1775906020
1775906030
1775906040
1775906050
1775906060
1775906070
1775906080
1775906090
1775906100
1775906110
1775906120
1775906130
1775906140
1775906150
1775906160
1775906170
1775906180
1775906190
1775906200
1775906210
1775906220
1775906230
1775906240
1775906250
1775906260
1775906270
1775906280
1775906290
1775906300
1775906310
1775906320
1775906330
1775906340
1775906350
1775906360
1775906370
1775906380
1775906390
1775906400
1775906410
1775906420
1775906430
1775906440
1775906450
1775906460
1775906470
1775906480
1775906490
1775906500
1775906510
1775906520
1775906530
1775906540
1775906550
1775906560
1775906570
1775906580
1775906590
1775906600
1775906610
1775906620
1775906630
1775906640
1775906650
1775906660
1775906670
1775906680
1775906690
1775906700
1775906710
1775906720
1775906730
1775906740
